// Jest Snapshot v1, https://goo.gl/fbAQLP

exports[`StyledArticle Should render and match the snapshot 1`] = `
.c0 {
  -webkit-align-self: center;
  -ms-flex-item-align: center;
  align-self: center;
  padding-right: 0;
  width: 100%;
}

@media (min-width:600px) {
  .c0 {
    padding-right: 7.125rem;
  }
}

@media (min-width:1920px) {
  .c0 {
    padding: 0 17vw;
  }
}

<article
  className="c0"
/>
`;
