// Jest Snapshot v1, https://goo.gl/fbAQLP

exports[`<ChildrenWrapper /> should render and match the snapshot 1`] = `
.c0 {
  height: 100%;
  width: 100%;
}

.c0 * + * {
  margin-top: 1.5rem;
}

.c0 * + *:not(p) {
  margin: 3rem 0;
}

.c0 * + h2,
.c0 * + h3 {
  margin-top: 1.5em;
}

@supports (display:grid) {
  .c0 {
    display: grid;
    grid-area: content;
  }
}

<div
  className="c0"
/>
`;
