// Jest Snapshot v1, https://goo.gl/fbAQLP

exports[`<ChildrenWrapper /> should render and match the snapshot 1`] = `
.c0 {
  display: -webkit-box;
  display: -webkit-flex;
  display: -ms-flexbox;
  display: flex;
  -webkit-flex: 1 0 auto;
  -ms-flex: 1 0 auto;
  flex: 1 0 auto;
  height: 100%;
  position: relative;
  width: 100%;
}

<div
  className="c0"
/>
`;
