// Jest Snapshot v1, https://goo.gl/fbAQLP

exports[`<InputGroup /> should render and match the snapshot 1`] = `
.c0 {
  font-family: "Open Sans",Roboto,"Droid Sans","Helvetica Neue",Helvetica,Arial,freesans,sans-serif;
  font-style: normal !important;
  font-weight: 400 !important;
  display: -webkit-box;
  display: -webkit-flex;
  display: -ms-flexbox;
  display: flex;
  -webkit-flex-wrap: wrap;
  -ms-flex-wrap: wrap;
  flex-wrap: wrap;
  overflow-x: hidden;
  position: relative;
  z-index: 1;
}

.c0:not(:first-child) {
  padding-top: 0.5rem;
}

<div
  className="c0"
/>
`;
