// Jest Snapshot v1, https://goo.gl/fbAQLP

exports[`<ImageWrapper /> should render and match the snapshot 1`] = `
ShallowWrapper {
  "complexSelector": ComplexSelector {
    "buildPredicate": [Function],
    "childrenOfNode": [Function],
    "findWhereUnwrapped": [Function],
  },
  "length": 1,
  "node": <ResponsiveImage
    className="sc-bdVaJa DvMqt"
    imageAlt="Test"
    imageSource="./test.png"
    noPlaceholder={false}
/>,
  "nodes": Array [
    <ResponsiveImage
      className="sc-bdVaJa DvMqt"
      imageAlt="Test"
      imageSource="./test.png"
      noPlaceholder={false}
/>,
  ],
  "options": Object {},
  "renderer": ReactShallowRenderer {
    "_instance": ShallowComponentWrapper {
      "_calledComponentWillUnmount": false,
      "_compositeType": 0,
      "_context": Object {},
      "_currentElement": <Styled(ResponsiveImage)
        imageAlt="Test"
        imageSource="./test.png"
/>,
      "_debugID": 1,
      "_hostContainerInfo": null,
      "_hostParent": null,
      "_instance": StyledComponent {
        "_reactInternalInstance": [Circular],
        "attrs": Object {},
        "context": Object {
          "__styled-components-stylesheet__": undefined,
          "__styled-components__": undefined,
        },
        "props": Object {
          "imageAlt": "Test",
          "imageSource": "./test.png",
        },
        "refs": Object {},
        "state": Object {
          "generatedClassName": "DvMqt",
          "theme": Object {},
        },
        "updater": Object {
          "enqueueCallback": [Function],
          "enqueueCallbackInternal": [Function],
          "enqueueElementInternal": [Function],
          "enqueueForceUpdate": [Function],
          "enqueueReplaceState": [Function],
          "enqueueSetState": [Function],
          "isMounted": [Function],
          "validateCallback": [Function],
        },
      },
      "_mountOrder": 1,
      "_pendingCallbacks": null,
      "_pendingElement": null,
      "_pendingForceUpdate": false,
      "_pendingReplaceState": false,
      "_pendingStateQueue": null,
      "_renderedComponent": NoopInternalComponent {
        "_currentElement": <ResponsiveImage
          className="sc-bdVaJa DvMqt"
          imageAlt="Test"
          imageSource="./test.png"
          noPlaceholder={false}
/>,
        "_debugID": 2,
        "_renderedOutput": <ResponsiveImage
          className="sc-bdVaJa DvMqt"
          imageAlt="Test"
          imageSource="./test.png"
          noPlaceholder={false}
/>,
      },
      "_renderedNodeType": 1,
      "_rootNodeID": 0,
      "_topLevelWrapper": null,
      "_updateBatchNumber": null,
      "_warnedAboutRefsInRender": false,
    },
    "getRenderOutput": [Function],
    "render": [Function],
  },
  "root": [Circular],
  "unrendered": <Styled(ResponsiveImage)
    imageAlt="Test"
    imageSource="./test.png"
/>,
}
`;
