// Jest Snapshot v1, https://goo.gl/fbAQLP

exports[`MediaAsset should render and match the snapshot 1`] = `
<Figure__Figure
  isOdd={true}
>
  <Body__Body>
    <ImageWrapper__ImageWrapper
      imageDimensions={
        Object {
          "height": 10,
          "width": 20,
        }
      }
    >
      <img
        alt="Test image"
        src="/test-s.png"
      />
    </ImageWrapper__ImageWrapper>
  </Body__Body>
</Figure__Figure>
`;
