// Jest Snapshot v1, https://goo.gl/fbAQLP

exports[`MediaAsset should render and match the snapshot 1`] = `
ShallowWrapper {
  "complexSelector": ComplexSelector {
    "buildPredicate": [Function],
    "childrenOfNode": [Function],
    "findWhereUnwrapped": [Function],
  },
  "length": 1,
  "node": <Figure__Figure
    isOdd={undefined}
>
    <Body__Body>
        <Styled(ResponsiveImage)
            imageAlt="Project"
            imageSource="/test.png"
            ratio="16by9"
        />
    </Body__Body>
</Figure__Figure>,
  "nodes": Array [
    <Figure__Figure
      isOdd={undefined}
>
      <Body__Body>
            <Styled(ResponsiveImage)
                  imageAlt="Project"
                  imageSource="/test.png"
                  ratio="16by9"
            />
      </Body__Body>
</Figure__Figure>,
  ],
  "options": Object {},
  "renderer": ReactShallowRenderer {
    "_instance": ShallowComponentWrapper {
      "_calledComponentWillUnmount": false,
      "_compositeType": 2,
      "_context": Object {},
      "_currentElement": <MediaAsset
        imageSource="/test.png"
/>,
      "_debugID": 1,
      "_hostContainerInfo": null,
      "_hostParent": null,
      "_instance": StatelessComponent {
        "_reactInternalInstance": [Circular],
        "context": Object {},
        "props": Object {
          "imageSource": "/test.png",
        },
        "refs": Object {},
        "state": null,
        "updater": Object {
          "enqueueCallback": [Function],
          "enqueueCallbackInternal": [Function],
          "enqueueElementInternal": [Function],
          "enqueueForceUpdate": [Function],
          "enqueueReplaceState": [Function],
          "enqueueSetState": [Function],
          "isMounted": [Function],
          "validateCallback": [Function],
        },
      },
      "_mountOrder": 1,
      "_pendingCallbacks": null,
      "_pendingElement": null,
      "_pendingForceUpdate": false,
      "_pendingReplaceState": false,
      "_pendingStateQueue": null,
      "_renderedComponent": NoopInternalComponent {
        "_currentElement": <Figure__Figure
          isOdd={undefined}
>
          <Body__Body>
                    <Styled(ResponsiveImage)
                              imageAlt="Project"
                              imageSource="/test.png"
                              ratio="16by9"
                    />
          </Body__Body>
</Figure__Figure>,
        "_debugID": 2,
        "_renderedOutput": <Figure__Figure
          isOdd={undefined}
>
          <Body__Body>
                    <Styled(ResponsiveImage)
                              imageAlt="Project"
                              imageSource="/test.png"
                              ratio="16by9"
                    />
          </Body__Body>
</Figure__Figure>,
      },
      "_renderedNodeType": 1,
      "_rootNodeID": 0,
      "_topLevelWrapper": null,
      "_updateBatchNumber": null,
      "_warnedAboutRefsInRender": false,
    },
    "getRenderOutput": [Function],
    "render": [Function],
  },
  "root": [Circular],
  "unrendered": <MediaAsset
    imageSource="/test.png"
/>,
}
`;
