// Jest Snapshot v1, https://goo.gl/fbAQLP

exports[`<FormInfoItemsList /> should render and match the snapshot 1`] = `
.c0 {
  list-style: none;
  font-family: "Open Sans",Roboto,"Droid Sans","Helvetica Neue",Helvetica,Arial,freesans,sans-serif;
  font-style: normal !important;
  font-weight: 400 !important;
}

<ul
  className="c0"
/>
`;
