// Jest Snapshot v1, https://goo.gl/fbAQLP

exports[`sendForm Saga should dispatch the sendFormError action if server side validation failed 1`] = `
Object {
  "@@redux-saga/IO": true,
  "CALL": Object {
    "args": Array [
      "/",
      Object {
        "body": "form-name=contact-form&title=Test",
        "headers": Object {
          "Content-Type": "application/x-www-form-urlencoded",
        },
        "method": "POST",
      },
    ],
    "context": null,
    "fn": [Function],
  },
}
`;

exports[`sendForm Saga should dispatch the sendFormSuccess action if it sent the data successfully 1`] = `
Object {
  "@@redux-saga/IO": true,
  "CALL": Object {
    "args": Array [
      "/",
      Object {
        "body": "form-name=contact-form&title=Test",
        "headers": Object {
          "Content-Type": "application/x-www-form-urlencoded",
        },
        "method": "POST",
      },
    ],
    "context": null,
    "fn": [Function],
  },
}
`;
