// Jest Snapshot v1, https://goo.gl/fbAQLP

exports[`<InputGroup /> should render and match the snapshot 1`] = `
.c0 {
  font-family: -apple-system,BlinkMacSystemFont,"Segoe UI",Roboto,Oxygen,Ubuntu,Cantarell,"Fira Sans","Droid Sans","Helvetica Neue",sans-serif;
  font-style: normal !important;
  font-weight: 400 !important;
  display: -webkit-box;
  display: -webkit-flex;
  display: -ms-flexbox;
  display: flex;
  -webkit-flex-wrap: wrap;
  -ms-flex-wrap: wrap;
  flex-wrap: wrap;
  overflow-x: hidden;
  position: relative;
  z-index: 1;
}

<div
  className="c0"
/>
`;
