// Jest Snapshot v1, https://goo.gl/fbAQLP

exports[`SiteNavigationBar should render and match the snapshot 1`] = `
<nav
  className="SiteNavigation__SiteNavigation-hZVVtP fReOXz"
>
  <h2
    aria-hidden="false"
    hidden={true}
  >
    <span>
      Site navigation
    </span>
  </h2>
  <ul
    className="StyledUL__StyledUL-hGhxpW exrwlO"
  >
    <li
      className="StyledLI__StyledLI-kuyQty WsgNC"
    >
      <a
        className="SiteNavigationLink__SiteNavigationLink-ceKnDH HtkFG"
        data-isactive={true}
        href="/"
        onClick={[Function]}
      >
        <span
          aria-hidden={true}
          className="fa fa-home fa-fw SiteNavigationIcon__SiteNavigationIcon-gFXsxd jnGacV"
        />
        <span
          className="Description__Description-exBwFC hNJVsn"
        >
          <span>
            Intro
          </span>
        </span>
      </a>
    </li>
    <li
      className="StyledLI__StyledLI-kuyQty WsgNC"
    >
      <a
        className="SiteNavigationLink__SiteNavigationLink-ceKnDH eTeCCY"
        data-isactive={false}
        href="/about"
        onClick={[Function]}
      >
        <span
          aria-hidden={true}
          className="fa fa-address-card fa-fw SiteNavigationIcon__SiteNavigationIcon-gFXsxd jnGacV"
        />
        <span
          className="Description__Description-exBwFC hNJVsn"
        >
          <span>
            About
          </span>
        </span>
      </a>
    </li>
    <li
      className="StyledLI__StyledLI-kuyQty WsgNC"
    >
      <a
        className="SiteNavigationLink__SiteNavigationLink-ceKnDH eTeCCY"
        data-isactive={false}
        href="/skills"
        onClick={[Function]}
      >
        <span
          aria-hidden={true}
          className="fa fa-code fa-fw SiteNavigationIcon__SiteNavigationIcon-gFXsxd jnGacV"
        />
        <span
          className="Description__Description-exBwFC hNJVsn"
        >
          <span>
            Skills
          </span>
        </span>
      </a>
    </li>
    <li
      className="StyledLI__StyledLI-kuyQty WsgNC"
    >
      <a
        className="SiteNavigationLink__SiteNavigationLink-ceKnDH eTeCCY"
        data-isactive={false}
        href="/projects"
        onClick={[Function]}
      >
        <span
          aria-hidden={true}
          className="fa fa-list fa-fw SiteNavigationIcon__SiteNavigationIcon-gFXsxd jnGacV"
        />
        <span
          className="Description__Description-exBwFC hNJVsn"
        >
          <span>
            Projects
          </span>
        </span>
      </a>
    </li>
    <li
      className="StyledLI__StyledLI-kuyQty WsgNC"
    >
      <a
        className="SiteNavigationLink__SiteNavigationLink-ceKnDH eTeCCY"
        data-isactive={false}
        href="/contact"
        onClick={[Function]}
      >
        <span
          aria-hidden={true}
          className="fa fa-send fa-fw SiteNavigationIcon__SiteNavigationIcon-gFXsxd jnGacV"
        />
        <span
          className="Description__Description-exBwFC hNJVsn"
        >
          <span>
            Contact
          </span>
        </span>
      </a>
    </li>
  </ul>
</nav>
`;
