// Jest Snapshot v1, https://goo.gl/fbAQLP

exports[`<SiteNavigationLink /> should render and match the snapshot 1`] = `
.c0 {
  display: inline-block;
  position: relative;
  background-color: #f63;
  border-radius: 0;
  color: #fff;
  cursor: pointer;
  -webkit-letter-spacing: 1px;
  -moz-letter-spacing: 1px;
  -ms-letter-spacing: 1px;
  letter-spacing: 1px;
  padding: 0.5em;
  text-align: center;
  text-decoration: none !important;
  -webkit-transition: background-color 0.3s 0s ease-in-out,color 0.3s 0s ease-in-out,box-shadow 0.3s 0s ease-in-out;
  transition: background-color 0.3s 0s ease-in-out,color 0.3s 0s ease-in-out,box-shadow 0.3s 0s ease-in-out;
  white-space: nowrap;
  font-family: "Open Sans",Roboto,"Droid Sans","Helvetica Neue",Helvetica,Arial,freesans,sans-serif;
  font-weight: 400;
}

.c0::before {
  content: '';
  height: 100%;
  left: 0;
  position: absolute;
  top: 0;
  width: 100%;
  z-index: 1;
  border: 1px solid #f63;
  border-radius: inherit;
  opacity: 0;
  -webkit-transform: scale3d(0.6,0.6,1);
  -ms-transform: scale3d(0.6,0.6,1);
  transform: scale3d(0.6,0.6,1);
  -webkit-transition: -webkit-transform 0.3s 0s ease-in-out,opacity 0.3s 0s ease-in-out;
  -webkit-transition: transform 0.3s 0s ease-in-out,opacity 0.3s 0s ease-in-out;
  transition: transform 0.3s 0s ease-in-out,opacity 0.3s 0s ease-in-out;
  -webkit-transition-timing-function: cubic-bezier(0.75,0,0.125,1);
  transition-timing-function: cubic-bezier(0.75,0,0.125,1);
}

.c0:active,
.c0:hover {
  background-color: transparent;
  color: #f63;
}

.c0:active::before,
.c0:hover::before {
  opacity: 1;
  -webkit-transform: scale3d(1,1,1);
  -ms-transform: scale3d(1,1,1);
  transform: scale3d(1,1,1);
}

@media (min-width:600px) {
  .c0::before {
    border: 2px solid #f63;
    border-radius: 5px;
  }
}

@media (min-width:600px) {
  .c0:active,
  .c0:hover {
    background-color: white;
    box-shadow: 0 0 5px lightgrey;
  }
}

@media (min-width:600px) {
  .c0 {
    width: 100%;
    width: -webkit-max-content;
    width: -moz-max-content;
    width: max-content;
    border-radius: 5px;
    box-shadow: 0 0 10px grey;
  }
}

<Link
  className="c0"
  replace={false}
  to="/"
/>
`;
