// Jest Snapshot v1, https://goo.gl/fbAQLP

exports[`<StyledLI /> should render and match the snapshot 1`] = `
.c0 {
  font-size: 0.7rem;
  vertical-align: middle;
}

@media (min-width:600px) {
  .c0 {
    margin-top: 2vw;
    font-size: 1rem;
  }
}

@media (min-width:600px) {
  .c0:not(:first-child) {
    margin-left: 1vh;
  }
}

<li
  className="c0"
/>
`;
