// Jest Snapshot v1, https://goo.gl/fbAQLP

exports[`<SiteHeader /> should render and match the snapshot 1`] = `
<Header
  backgroundColor="#465a65"
>
  <Wrapper
    borderColor="#465a65"
  >
    <Brand
      href="/"
      showNameBreakpoint="375px"
    />
    <HeaderMenu />
  </Wrapper>
</Header>
`;
