// Jest Snapshot v1, https://goo.gl/fbAQLP

exports[`SiteHeader should render 1`] = `
ShallowWrapper {
  "length": 1,
  Symbol(enzyme.__root__): [Circular],
  Symbol(enzyme.__unrendered__): <SiteHeader
    setSiteNavIsFixedOffset={[Function]}
    siteNavIsAtScreenTop={false}
/>,
  Symbol(enzyme.__renderer__): Object {
    "batchedUpdates": [Function],
    "getNode": [Function],
    "render": [Function],
    "simulateEvent": [Function],
    "unmount": [Function],
  },
  Symbol(enzyme.__node__): Object {
    "instance": null,
    "key": undefined,
    "nodeType": "class",
    "props": Object {
      "children": Array [
        <Wrapper__Wrapper>
          <Brand
                    href="/"
                    imageSource="IMAGE_MOCK"
                    text="JOHAN MEESTER"
          />
          <SocialLinks />
</Wrapper__Wrapper>,
        <Connect(SiteNavigationBar) />,
      ],
      "role": "banner",
    },
    "ref": null,
    "rendered": Array [
      Object {
        "instance": null,
        "key": undefined,
        "nodeType": "class",
        "props": Object {
          "children": Array [
            <Brand
              href="/"
              imageSource="IMAGE_MOCK"
              text="JOHAN MEESTER"
/>,
            <SocialLinks />,
          ],
        },
        "ref": null,
        "rendered": Array [
          Object {
            "instance": null,
            "key": undefined,
            "nodeType": "function",
            "props": Object {
              "href": "/",
              "imageSource": "IMAGE_MOCK",
              "text": "JOHAN MEESTER",
            },
            "ref": null,
            "rendered": null,
            "type": [Function],
          },
          Object {
            "instance": null,
            "key": undefined,
            "nodeType": "class",
            "props": Object {},
            "ref": null,
            "rendered": null,
            "type": [Function],
          },
        ],
        "type": [Function],
      },
      Object {
        "instance": null,
        "key": undefined,
        "nodeType": "class",
        "props": Object {},
        "ref": null,
        "rendered": null,
        "type": [Function],
      },
    ],
    "type": [Function],
  },
  Symbol(enzyme.__nodes__): Array [
    Object {
      "instance": null,
      "key": undefined,
      "nodeType": "class",
      "props": Object {
        "children": Array [
          <Wrapper__Wrapper>
            <Brand
                        href="/"
                        imageSource="IMAGE_MOCK"
                        text="JOHAN MEESTER"
            />
            <SocialLinks />
</Wrapper__Wrapper>,
          <Connect(SiteNavigationBar) />,
        ],
        "role": "banner",
      },
      "ref": null,
      "rendered": Array [
        Object {
          "instance": null,
          "key": undefined,
          "nodeType": "class",
          "props": Object {
            "children": Array [
              <Brand
                href="/"
                imageSource="IMAGE_MOCK"
                text="JOHAN MEESTER"
/>,
              <SocialLinks />,
            ],
          },
          "ref": null,
          "rendered": Array [
            Object {
              "instance": null,
              "key": undefined,
              "nodeType": "function",
              "props": Object {
                "href": "/",
                "imageSource": "IMAGE_MOCK",
                "text": "JOHAN MEESTER",
              },
              "ref": null,
              "rendered": null,
              "type": [Function],
            },
            Object {
              "instance": null,
              "key": undefined,
              "nodeType": "class",
              "props": Object {},
              "ref": null,
              "rendered": null,
              "type": [Function],
            },
          ],
          "type": [Function],
        },
        Object {
          "instance": null,
          "key": undefined,
          "nodeType": "class",
          "props": Object {},
          "ref": null,
          "rendered": null,
          "type": [Function],
        },
      ],
      "type": [Function],
    },
  ],
  Symbol(enzyme.__options__): Object {
    "adapter": ReactSixteenAdapter {
      "options": Object {
        "enableComponentDidUpdateOnSetState": true,
      },
    },
  },
}
`;
