// Jest Snapshot v1, https://goo.gl/fbAQLP

exports[`<SiteHeader /> should render and match the snapshot 1`] = `
<Header__Header
  backgroundColor="#465a65"
>
  <Wrapper__Wrapper
    borderColor="#465a65"
  >
    <Brand
      href="/"
      showNameBreakpoint="375px"
    />
    <HeaderMenu />
  </Wrapper__Wrapper>
</Header__Header>
`;
