// Jest Snapshot v1, https://goo.gl/fbAQLP

exports[`<H2 /> should render and match the snapshot 1`] = `
.c0 {
  display: block;
  left: 50%;
  position: absolute;
  top: 50%;
  -webkit-transform: translate3d(-50%,-50%,0);
  -ms-transform: translate3d(-50%,-50%,0);
  transform: translate3d(-50%,-50%,0);
  width: 100%;
  z-index: 1;
  font-size: 0.7rem;
}

<h2
  className="c0"
/>
`;
