// Jest Snapshot v1, https://goo.gl/fbAQLP

exports[`<Wrapper /> should render and match the snapshot 1`] = `
.c0 {
  -webkit-align-self: center;
  -ms-flex-item-align: center;
  align-self: center;
  margin: 2em auto;
  position: relative;
  width: 100%;
  text-align: center;
}

<article
  className="c0"
/>
`;
