// Jest Snapshot v1, https://goo.gl/fbAQLP

exports[`<Wrapper /> Should render and match the snapshot 1`] = `
.c0 {
  margin-bottom: 9vh;
  padding: 1vh 1vw;
  width: 100%;
}

.c0 .Bubble__Bubble-kfMqWCp:not(:first-child) {
  margin-top: 1.5rem;
}

@media (min-width:1008px) {
  .c0 {
    max-width: 63rem;
  }
}

<div
  className="c0"
/>
`;
