// Jest Snapshot v1, https://goo.gl/fbAQLP

exports[`Project should render and match the snapshot 1`] = `
ShallowWrapper {
  "length": 1,
  Symbol(enzyme.__root__): [Circular],
  Symbol(enzyme.__unrendered__): <Project
    hasFocus={false}
    links={
        Array [
            Object {
              "faIcon": "github",
              "name": "github",
              "url": "https://github.com/",
            },
            Object {
              "faIcon": "codepen",
              "name": "codepen",
              "url": "https://codepen.io/",
            },
          ]
    }
    thumbnailUrl="/test.png"
    title="New Project"
/>,
  Symbol(enzyme.__renderer__): Object {
    "batchedUpdates": [Function],
    "getNode": [Function],
    "render": [Function],
    "simulateEvent": [Function],
    "unmount": [Function],
  },
  Symbol(enzyme.__node__): Object {
    "instance": null,
    "key": undefined,
    "nodeType": "class",
    "props": Object {
      "children": Array [
        <MediaAsset
          imageSource="/test.png"
          isOdd={undefined}
/>,
        <ProjectBody__ProjectBody>
          <div>
                    <ProjectHeader__ProjectHeader>
                              <ProjectTitle__ProjectTitle>
                                        New Project
                              </ProjectTitle__ProjectTitle>
                    </ProjectHeader__ProjectHeader>
          </div>
          <ProjectDetailsBody__ProjectDetailsBody />
</ProjectBody__ProjectBody>,
        <ProjectLinksList
          hasFocus={false}
          links={
                    Array [
                              Object {
                                "faIcon": "github",
                                "name": "github",
                                "url": "https://github.com/",
                              },
                              Object {
                                "faIcon": "codepen",
                                "name": "codepen",
                                "url": "https://codepen.io/",
                              },
                            ]
          }
/>,
      ],
    },
    "ref": null,
    "rendered": Array [
      Object {
        "instance": null,
        "key": undefined,
        "nodeType": "function",
        "props": Object {
          "imageSource": "/test.png",
          "isOdd": undefined,
        },
        "ref": null,
        "rendered": null,
        "type": [Function],
      },
      Object {
        "instance": null,
        "key": undefined,
        "nodeType": "class",
        "props": Object {
          "children": Array [
            <div>
              <ProjectHeader__ProjectHeader>
                            <ProjectTitle__ProjectTitle>
                                          New Project
                            </ProjectTitle__ProjectTitle>
              </ProjectHeader__ProjectHeader>
</div>,
            <ProjectDetailsBody__ProjectDetailsBody />,
          ],
        },
        "ref": null,
        "rendered": Array [
          Object {
            "instance": null,
            "key": undefined,
            "nodeType": "host",
            "props": Object {
              "children": <ProjectHeader__ProjectHeader>
                <ProjectTitle__ProjectTitle>
                                New Project
                </ProjectTitle__ProjectTitle>
</ProjectHeader__ProjectHeader>,
            },
            "ref": null,
            "rendered": Object {
              "instance": null,
              "key": undefined,
              "nodeType": "class",
              "props": Object {
                "children": <ProjectTitle__ProjectTitle>
                  New Project
</ProjectTitle__ProjectTitle>,
              },
              "ref": null,
              "rendered": Object {
                "instance": null,
                "key": undefined,
                "nodeType": "class",
                "props": Object {
                  "children": "New Project",
                },
                "ref": null,
                "rendered": "New Project",
                "type": [Function],
              },
              "type": [Function],
            },
            "type": "div",
          },
          Object {
            "instance": null,
            "key": undefined,
            "nodeType": "class",
            "props": Object {
              "children": undefined,
            },
            "ref": null,
            "rendered": null,
            "type": [Function],
          },
        ],
        "type": [Function],
      },
      Object {
        "instance": null,
        "key": undefined,
        "nodeType": "function",
        "props": Object {
          "hasFocus": false,
          "links": Array [
            Object {
              "faIcon": "github",
              "name": "github",
              "url": "https://github.com/",
            },
            Object {
              "faIcon": "codepen",
              "name": "codepen",
              "url": "https://codepen.io/",
            },
          ],
        },
        "ref": null,
        "rendered": null,
        "type": [Function],
      },
    ],
    "type": [Function],
  },
  Symbol(enzyme.__nodes__): Array [
    Object {
      "instance": null,
      "key": undefined,
      "nodeType": "class",
      "props": Object {
        "children": Array [
          <MediaAsset
            imageSource="/test.png"
            isOdd={undefined}
/>,
          <ProjectBody__ProjectBody>
            <div>
                        <ProjectHeader__ProjectHeader>
                                    <ProjectTitle__ProjectTitle>
                                                New Project
                                    </ProjectTitle__ProjectTitle>
                        </ProjectHeader__ProjectHeader>
            </div>
            <ProjectDetailsBody__ProjectDetailsBody />
</ProjectBody__ProjectBody>,
          <ProjectLinksList
            hasFocus={false}
            links={
                        Array [
                                    Object {
                                      "faIcon": "github",
                                      "name": "github",
                                      "url": "https://github.com/",
                                    },
                                    Object {
                                      "faIcon": "codepen",
                                      "name": "codepen",
                                      "url": "https://codepen.io/",
                                    },
                                  ]
            }
/>,
        ],
      },
      "ref": null,
      "rendered": Array [
        Object {
          "instance": null,
          "key": undefined,
          "nodeType": "function",
          "props": Object {
            "imageSource": "/test.png",
            "isOdd": undefined,
          },
          "ref": null,
          "rendered": null,
          "type": [Function],
        },
        Object {
          "instance": null,
          "key": undefined,
          "nodeType": "class",
          "props": Object {
            "children": Array [
              <div>
                <ProjectHeader__ProjectHeader>
                                <ProjectTitle__ProjectTitle>
                                                New Project
                                </ProjectTitle__ProjectTitle>
                </ProjectHeader__ProjectHeader>
</div>,
              <ProjectDetailsBody__ProjectDetailsBody />,
            ],
          },
          "ref": null,
          "rendered": Array [
            Object {
              "instance": null,
              "key": undefined,
              "nodeType": "host",
              "props": Object {
                "children": <ProjectHeader__ProjectHeader>
                  <ProjectTitle__ProjectTitle>
                                    New Project
                  </ProjectTitle__ProjectTitle>
</ProjectHeader__ProjectHeader>,
              },
              "ref": null,
              "rendered": Object {
                "instance": null,
                "key": undefined,
                "nodeType": "class",
                "props": Object {
                  "children": <ProjectTitle__ProjectTitle>
                    New Project
</ProjectTitle__ProjectTitle>,
                },
                "ref": null,
                "rendered": Object {
                  "instance": null,
                  "key": undefined,
                  "nodeType": "class",
                  "props": Object {
                    "children": "New Project",
                  },
                  "ref": null,
                  "rendered": "New Project",
                  "type": [Function],
                },
                "type": [Function],
              },
              "type": "div",
            },
            Object {
              "instance": null,
              "key": undefined,
              "nodeType": "class",
              "props": Object {
                "children": undefined,
              },
              "ref": null,
              "rendered": null,
              "type": [Function],
            },
          ],
          "type": [Function],
        },
        Object {
          "instance": null,
          "key": undefined,
          "nodeType": "function",
          "props": Object {
            "hasFocus": false,
            "links": Array [
              Object {
                "faIcon": "github",
                "name": "github",
                "url": "https://github.com/",
              },
              Object {
                "faIcon": "codepen",
                "name": "codepen",
                "url": "https://codepen.io/",
              },
            ],
          },
          "ref": null,
          "rendered": null,
          "type": [Function],
        },
      ],
      "type": [Function],
    },
  ],
  Symbol(enzyme.__options__): Object {
    "adapter": ReactSixteenAdapter {
      "options": Object {
        "enableComponentDidUpdateOnSetState": true,
      },
    },
  },
}
`;
