// Jest Snapshot v1, https://goo.gl/fbAQLP

exports[`<ProjectBody /> should render and match the snapshot 1`] = `
.c0 {
  -webkit-flex: 1 0 50%;
  -ms-flex: 1 0 50%;
  flex: 1 0 50%;
  padding: 0 1.5rem;
  -webkit-order: 2;
  -ms-flex-order: 2;
  order: 2;
}

@media (min-width:660px) {
  .c0 {
    -webkit-order: 1;
    -ms-flex-order: 1;
    order: 1;
  }
}

<div
  className="c0"
/>
`;
