// Jest Snapshot v1, https://goo.gl/fbAQLP

exports[`<ProjectTitle /> should render and match the snapshot 1`] = `
.c0 {
  -webkit-flex: 1;
  -ms-flex: 1;
  flex: 1;
  margin: 2em 0 0.75em;
  font-size: calc(24px + 0.25vw);
  -webkit-hyphens: auto;
  -moz-hyphens: auto;
  -ms-hyphens: auto;
  hyphens: auto;
  line-height: 1.2;
  overflow-wrap: break-word;
  word-wrap: break-word;
  -ms-word-break: break-all;
  word-break: break-word;
  font-family: -apple-system,BlinkMacSystemFont,"Segoe UI",Roboto,Oxygen,Ubuntu,Cantarell,"Fira Sans","Droid Sans","Helvetica Neue",sans-serif;
  font-style: normal !important;
  font-weight: 700 !important;
}

<h3
  className="c0"
/>
`;
