// Jest Snapshot v1, https://goo.gl/fbAQLP

exports[`<ProjectTitle /> should render and match the snapshot 1`] = `
.c0 {
  -webkit-flex: 1;
  -ms-flex: 1;
  flex: 1;
  font-size: 1rem;
  -webkit-hyphens: auto;
  -moz-hyphens: auto;
  -ms-hyphens: auto;
  hyphens: auto;
  overflow-wrap: break-word;
  word-wrap: break-word;
  -ms-word-break: break-all;
  word-break: break-word;
  font-family: "Open Sans",Roboto,"Droid Sans","Helvetica Neue",Helvetica,Arial,freesans,sans-serif;
  font-style: normal !important;
  font-weight: 700 !important;
}

<h2
  className="c0"
/>
`;
