// Jest Snapshot v1, https://goo.gl/fbAQLP

exports[`ProjectLinksList should render and match the snapshot 1`] = `
<ProjectLinksList__Wrapper
  hasFocus={false}
>
  <ProjectLinksList__StyledList>
    <ProjectExternalLink
      faIcon="external-link"
      hasFocus={false}
      key="github"
      name="github"
      url="https://github.com/"
    />
    <ProjectExternalLink
      faIcon="external-link"
      hasFocus={false}
      key="codepen"
      name="codepen"
      url="https://codepen.io/"
    />
  </ProjectLinksList__StyledList>
</ProjectLinksList__Wrapper>
`;
