// Jest Snapshot v1, https://goo.gl/fbAQLP

exports[`<HeaderSpeechBubble /> Should render and match the snapshot 1`] = `
.c0 {
  position: relative;
  background-color: #575756;
  border-radius: 0.5rem;
  padding: 1rem;
}

.c0 > p:not(:first-child) {
  margin-top: 1.5rem;
}

@media (min-height:750px) {
  .c0 {
    margin-bottom: 4vh;
    margin-right: 0;
    border-bottom-left-radius: 0;
    border-bottom-right-radius: 0.5rem;
  }

  .c0::after {
    content: "";
    height: 4vh;
    left: 0;
    position: absolute;
    right: 0;
    top: 100%;
    -webkit-transform: rotateY(0);
    -ms-transform: rotateY(0);
    transform: rotateY(0);
    background-image: url("data:image/svg+xml;charset=utf-8,  %3Csvg    xmlns='http://www.w3.org/2000/svg'    viewBox='0 427.9 175.1 132.1'    preserveAspectRatio='xMinYMid'%3E    %3Cpath      stroke='%23797978'      fill='%23797978'      d='M0 427.9l175.1 65.7-43.7-65.7z'    /%3E    %3Cpath      fill='%23575756'      d='M175.1 493.6l-87.5 21.9v-54.8'    /%3E    %3Cpath      fill='%23797978'      d='M87.6 515.5l21.2 44.5v-49.8'    /%3E  %3C/svg%3E");
    background-repeat: no-repeat;
    background-size: contain;
    background-position: left top;
  }
}

<div
  className="c0"
/>
`;
