// Jest Snapshot v1, https://goo.gl/fbAQLP

exports[`<Projects /> should render and match the snapshot 1`] = `
<React.Fragment>
  <ProjectsList>
    <ProjectsListItem
      key="This is the title field for Project 1"
    >
      <Project
        detailsBodyText="This is the description field Project 1"
        isOdd={true}
        thumbnail={
          Object {
            "file": Object {
              "contentType": "image/png",
              "details": Object {
                "image": Object {
                  "height": 230,
                  "width": 345,
                },
                "size": 22495,
              },
              "fileName": "medium-m.png",
              "url": "/medium-m.png",
            },
            "title": "Presentation showing how this project looks on mobile, tablet and desktop screens",
          }
        }
        title="This is the title field for Project 1"
      />
    </ProjectsListItem>
    <ProjectsListItem
      key="This is the title field for Project 2"
    >
      <Project
        detailsBodyText="This is the description field Project 2"
        isOdd={false}
        thumbnail={
          Object {
            "file": Object {
              "contentType": "image/png",
              "details": Object {
                "image": Object {
                  "height": 230,
                  "width": 345,
                },
                "size": 22495,
              },
              "fileName": "medium-m.png",
              "url": "/medium-m.png",
            },
            "title": "Presentation showing how this project looks on mobile, tablet and desktop screens",
          }
        }
        title="This is the title field for Project 2"
      />
    </ProjectsListItem>
  </ProjectsList>
</React.Fragment>
`;
