// Jest Snapshot v1, https://goo.gl/fbAQLP

exports[`<Projects /> should render and match the snapshot 1`] = `
<React.Fragment>
  <ProjectsList__ProjectsList>
    <ProjectsListItem__ProjectsListItem
      key="My Portfolio"
      onBlur={[Function]}
      onFocus={[Function]}
      onMouseOut={[Function]}
      onMouseOver={[Function]}
    >
      <Project
        detailsBodyText="My portfolio website, now build with React"
        hasFocus={false}
        isOdd={true}
        links={
          Array [
            Object {
              "faIcon": "github",
              "name": "github",
              "url": "https://github.com/Mensae/portfolio-react",
            },
            Object {
              "faIcon": "globe",
              "name": "world",
              "url": "https://meester-johan.info/",
            },
          ]
        }
        thumbnailUrl="/my-portfolio-16x9.png"
        title="My Portfolio"
      />
    </ProjectsListItem__ProjectsListItem>
    <ProjectsListItem__ProjectsListItem
      key="In progress..."
      onBlur={[Function]}
      onFocus={[Function]}
      onMouseOut={[Function]}
      onMouseOver={[Function]}
    >
      <Project
        detailsBodyText="Busy creating some new awesomeness."
        detailsTitle="More to come!"
        hasFocus={false}
        isOdd={false}
        links={Array []}
        thumbnailUrl="#"
        title="In progress..."
      />
    </ProjectsListItem__ProjectsListItem>
  </ProjectsList__ProjectsList>
</React.Fragment>
`;
