// Jest Snapshot v1, https://goo.gl/fbAQLP

exports[`<Placeholder /> should render and match the snapshot 1`] = `
.c0 {
  display: inline-block;
  margin-left: 0.5em;
  opacity: 0;
  -webkit-transition: 0.2s opacity 0.2s ease-in;
  transition: 0.2s opacity 0.2s ease-in;
}

<span
  className="c0"
/>
`;
