// Jest Snapshot v1, https://goo.gl/fbAQLP

exports[`<Description /> should render and match the snapshot 1`] = `
.c0 {
  display: inherit;
  position: absolute;
  width: 1px;
  height: 1px;
  margin: -1px;
  padding: 0;
  border: 0;
  overflow: hidden;
  -webkit-clip: rect(0 0 0 0);
  clip: rect(0 0 0 0);
}

@media (min-width:1280px) {
  .c0 {
    display: inline-block;
    height: auto;
    margin: 0 0 0 0.5em;
    overflow: visible;
    position: relative;
    width: auto;
    -webkit-clip: initial;
    clip: initial;
    font-size: 1rem;
  }
}

<span
  className="c0"
/>
`;
