// Jest Snapshot v1, https://goo.gl/fbAQLP

exports[`<StyledA> Should render and match the snapshot 1`] = `
.c0 {
  color: inherit;
  -webkit-text-decoration: none;
  text-decoration: none;
}

@supports (display:-webkit-box) or (display:-webkit-flex) or (display:-ms-flexbox) or (display:flex) {
  .c0 {
    -webkit-align-items: center;
    -webkit-box-align: center;
    -ms-flex-align: center;
    align-items: center;
    display: -webkit-box;
    display: -webkit-flex;
    display: -ms-flexbox;
    display: flex;
  }
}

<a
  className="c0"
/>
`;
