// Jest Snapshot v1, https://goo.gl/fbAQLP

exports[`<HomePage /> should render the page message 1`] = `
<IntroPageArticle__IntroPageArticle>
  <HelmetWrapper
    defer={true}
    encodeSpecialCharacters={true}
  >
    <title>
      Welkom op Johan Meester zijn portfolio
    </title>
    <meta
      content="Intro pagina van Johan Meester zijn portfolio"
      name="description"
    />
  </HelmetWrapper>
  <FlexRow__FlexRow
    fullHeight={true}
  >
    <FlexColumn__FlexColumn
      fluid={true}
      fullHeight={true}
    >
      <IntroHeader__IntroHeader>
        <h2
          aria-hidden="false"
          hidden={true}
        >
          <FormattedMessage
            defaultMessage="Introduction"
            id="portfolio.page.index.title"
            values={Object {}}
          />
        </h2>
        <SpeechBubble__SpeechBubble
          innerRef={[Function]}
        >
          <svg
            height="100%"
            preserveAspectRatio="xMinYMid"
            viewBox="0 365.1 595.3 425.3"
            width="100%"
          >
            <g
              id="g1"
            >
              <path
                d="M-754.1,133.2v140.3l78.7,153.1h80.3L-754.1,133.2z"
                fill="#212120"
                id="p1"
              />
              <path
                d="M159,733.2 v0 H78.700002 78.7z"
                fill="#818180"
                id="p2"
              />
              <path
                d="M52.5,790.4 v0 h75.8 v0z"
                fill="#414140"
                id="p3"
              />
              <path
                d="M5.3,702.1 v0 h73.9 v0z"
                fill="#818180"
                id="p4"
              />
              <path
                d="M-31.8,309.6c0-4.4-3.6-8.1-8.1-8.1h-401.2l-145.1,270.6h546.3 c4.4,0,8.1-3.6,8.1-8.1V309.6L-31.8,309.6z"
                fill="#575756"
                id="p5"
                style={
                  Object {
                    "opacity": 0,
                  }
                }
              />
            </g>
            <path
              d="M172 440h387.2v141.4h-387z"
              fill="none"
            />
            <FormattedMessage
              defaultMessage="WELCOME"
              id="portfolio.page.index.header.greeting"
              values={Object {}}
            />
            <FormattedMessage
              defaultMessage="WELCOME"
              id="portfolio.page.index.header.greeting"
              values={Object {}}
            />
            <g
              id="g2"
              style={
                Object {
                  "opacity": 0,
                }
              }
            >
              <FormattedMessage
                defaultMessage="I am {name}"
                id="portfolio.page.index.header.intro"
                values={
                  Object {
                    "name": "Johan Meester",
                  }
                }
              />
              <defs>
                <mask
                  id="m1"
                >
                  <circle
                    cx="553"
                    cy="407"
                    fill="#fff"
                    r="32.5"
                  />
                </mask>
              </defs>
              <image
                height="65"
                mask="url('#m1')"
                preserveAspectRatio="none"
                width="65"
                x="520"
                xlinkHref="IMAGE_MOCK"
                xmlnsXlink="http://www.w3.org/1999/xlink"
                y="374"
              />
            </g>
            <FormattedMessage
              defaultMessage="FRONT-END DEVELOPER"
              id="portfolio.page.index.header.trade"
              values={Object {}}
            />
          </svg>
        </SpeechBubble__SpeechBubble>
      </IntroHeader__IntroHeader>
    </FlexColumn__FlexColumn>
  </FlexRow__FlexRow>
</IntroPageArticle__IntroPageArticle>
`;
