// Jest Snapshot v1, https://goo.gl/fbAQLP

exports[`<Article /> should render and match the snapshot 1`] = `
.c0 {
  max-width: 51em;
}

.c0 a {
  position: relative;
  background-color: transparent;
  background-image: linear-gradient(currentColor,currentColor);
  background-origin: padding-box;
  background-position: center bottom 10%;
  background-repeat: no-repeat;
  background-size: 100% 1.5px;
  color: #00599e;
  cursor: pointer;
  -webkit-text-decoration: none;
  text-decoration: none;
  text-shadow: 3px 0 #aedd2c,2px 0 #aedd2c,1px 0 #aedd2c,-1px 0 #aedd2c,-2px 0 #aedd2c,-3px 0 #aedd2c;
  touch-action: manipulation;
  -webkit-transition: color 0.1s ease-out;
  transition: color 0.1s ease-out;
}

.c0 a[href^=http] {
  padding-right: 1em;
}

.c0 a[href^=http]::after {
  content: "";
  height: 1em;
  position: absolute;
  width: 1em;
  background-position: center;
  background-repeat: no-repeat;
  background-size: 0.75em;
  background-image: url("data:image/svg+xml;charset=utf-8,%3Csvg xmlns='http://www.w3.org/2000/svg' viewBox='0 0 576 512' aria-hidden='true'%3E    %3Cpath      fill='%2300599e'      d='M576 24v127.984c0 21.461-25.96 31.98-40.971 16.971l-35.707-35.709-243.523 243.523c-9.373 9.373-24.568 9.373-33.941 0l-22.627-22.627c-9.373-9.373-9.373-24.569 0-33.941L442.756 76.676l-35.703-35.705C391.982 25.9 402.656 0 424.024 0H552c13.255 0 24 10.745 24 24zM407.029 270.794l-16 16A23.999 23.999 0 0 0 384 303.765V448H64V128h264a24.003 24.003 0 0 0 16.97-7.029l16-16C376.089 89.851 365.381 64 344 64H48C21.49 64 0 85.49 0 112v352c0 26.51 21.49 48 48 48h352c26.51 0 48-21.49 48-48V287.764c0-21.382-25.852-32.09-40.971-16.97z'    /%3E  %3C/svg%3E");
}

.c0 > h2 {
  font-size: 1.728rem;
  line-height: 1.2;
  font-family: -apple-system,BlinkMacSystemFont,"Segoe UI",Roboto,Oxygen,Ubuntu,Cantarell,"Fira Sans","Droid Sans","Helvetica Neue",sans-serif;
  font-style: normal !important;
  font-weight: 700 !important;
}

.c0 > p {
  line-height: 1.5;
  margin: 1.5em 0;
  word-break: break-word;
}

.c0 ul {
  -webkit-appearance: none !important;
  -moz-appearance: none !important;
  appearance: none !important;
  margin: 0 !important;
}

.c0 ul li {
  line-height: 1.7999999999999998;
  margin-top: 0 !important;
}

@supports (-webkit-text-decoration-skip-ink:auto) or (text-decoration-skip-ink:auto) {
  .c0 a {
    background: none;
    -webkit-text-decoration: underline;
    text-decoration: underline;
    -webkit-text-decoration-skip-ink: auto;
    text-decoration-skip-ink: auto;
    text-shadow: none;
  }
}

@media (min-width:950px) {
  .c0 > p {
    line-height: 1.6500000000000001;
  }
}

<article
  className="c0"
/>
`;
