// Jest Snapshot v1, https://goo.gl/fbAQLP

exports[`<Description /> should render and match the snapshot 1`] = `
.c0 {
  margin: 1.5em 0;
  max-width: 51em;
  line-height: 1.5;
  word-break: break-word;
}

@media (min-width:950px) {
  .c0 {
    line-height: 1.6500000000000001;
  }
}

<div
  className="c0"
/>
`;
